******************************************************************************
                  TI ARM Linker PC v5.1.6                      
******************************************************************************
>> Linked Tue Aug 23 01:09:56 2016

OUTPUT FILE NAME:   <Tiva_CP.out>
ENTRY POINT SYMBOL: "_c_int00"  address: 00000871


MEMORY CONFIGURATION

         name            origin    length      used     unused   attr    fill
----------------------  --------  ---------  --------  --------  ----  --------
  FLASH                 00000000   00040000  00000b0c  0003f4f4  R  X
  SRAM                  20000000   00008000  0000021c  00007de4  RW X


SEGMENT ALLOCATION MAP

run origin  load origin   length   init length attrs members
----------  ----------- ---------- ----------- ----- -------
00000000    00000000    00000b10   00000b10    r-x
  00000000    00000000    0000026c   0000026c    r-- .intvecs
  0000026c    0000026c    000007c8   000007c8    r-x .text
  00000a34    00000a34    000000a0   000000a0    r-- .const
  00000ad8    00000ad8    00000038   00000038    r-- .cinit
20000000    20000000    0000021c   00000000    rw-
  20000000    20000000    00000200   00000000    rw- .stack
  20000200    20000200    00000014   00000000    rw- .data
  20000214    20000214    00000008   00000000    rw- .bss


SECTION ALLOCATION MAP

 output                                  attributes/
section   page    origin      length       input sections
--------  ----  ----------  ----------   ----------------
.intvecs   0    00000000    0000026c     
                  00000000    0000026c     tm4c123gh6pm_startup_ccs.obj (.intvecs)

.init_array 
*          0    00000000    00000000     UNINITIALIZED

.text      0    0000026c    000007c8     
                  0000026c    00000148     main.obj (.text)
                  000003b4    00000130     driverlib.lib : gpio.obj (.text:GPIOPadConfigSet)
                  000004e4    0000010c                   : sysctl.obj (.text:SysCtlClockGet)
                  000005f0    000000f0                   : sysctl.obj (.text:SysCtlClockSet)
                  000006e0    0000009c     rtsv7M4_T_le_v4SPD16_eabi.lib : memcpy_t2.obj (.text)
                  0000077c    00000094                                   : auto_init.obj (.text)
                  00000810    0000005e                                   : copy_decompress_rle.obj (.text)
                  0000086e    00000002     --HOLE-- [fill = 0]
                  00000870    00000048                                   : boot.obj (.text)
                  000008b8    00000044                                   : cpy_tbl.obj (.text)
                  000008fc    00000044                                   : exit.obj (.text)
                  00000940    00000034     driverlib.lib : sysctl.obj (.text:SysCtlPeripheralEnable)
                  00000974    0000002a                   : gpio.obj (.text:GPIODirModeSet)
                  0000099e    00000018                   : gpio.obj (.text:GPIOPinTypeGPIOOutput)
                  000009b6    00000002     --HOLE-- [fill = 0]
                  000009b8    00000018     rtsv7M4_T_le_v4SPD16_eabi.lib : args_main.obj (.text)
                  000009d0    00000014                                   : _lock.obj (.text)
                  000009e4    00000012     driverlib.lib : gpio.obj (.text:GPIOPinTypeGPIOInput)
                  000009f6    00000012     rtsv7M4_T_le_v4SPD16_eabi.lib : copy_zero_init.obj (.text:decompress:ZI)
                  00000a08    0000000e                                   : copy_decompress_none.obj (.text:decompress:none)
                  00000a16    0000000c     tm4c123gh6pm_startup_ccs.obj (.text)
                  00000a22    00000006     driverlib.lib : gpio.obj (.text:GPIOPinWrite)
                  00000a28    00000006                   : sysctl.obj (.text:SysCtlDelay)
                  00000a2e    00000006     rtsv7M4_T_le_v4SPD16_eabi.lib : copy_decompress_rle.obj (.text:decompress:rle24)

.const     0    00000a34    000000a0     
                  00000a34    0000006c     driverlib.lib : sysctl.obj (.const:g_pui32Xtals)
                  00000aa0    00000030     main.obj (.const:LED)
                  00000ad0    00000004     main.obj (.const:.string)

.cinit     0    00000ad8    00000038     
                  00000ad8    0000000f     (.cinit..data.load) [load image, compression = rle]
                  00000ae7    00000001     --HOLE-- [fill = 0]
                  00000ae8    0000000c     (__TI_handler_table)
                  00000af4    00000004     --HOLE-- [fill = 0]
                  00000af8    00000008     (.cinit..bss.load) [load image, compression = zero_init]
                  00000b00    00000010     (__TI_cinit_table)

.stack     0    20000000    00000200     UNINITIALIZED
                  20000000    00000200     --HOLE--

.data      0    20000200    00000014     UNINITIALIZED
                  20000200    00000008     rtsv7M4_T_le_v4SPD16_eabi.lib : _lock.obj (.data)
                  20000208    00000008                                   : exit.obj (.data)
                  20000210    00000004                                   : stkdepth_vars.obj (.data)

.bss       0    20000214    00000008     UNINITIALIZED
                  20000214    00000004     (.common:k)
                  20000218    00000004     (.common:temp)


LINKER GENERATED COPY TABLES

__TI_cinit_table @ 00000b00 records: 2, size/record: 8, table size: 16
	.data: load addr=00000ad8, load size=0000000f bytes, run addr=20000200, run size=00000014 bytes, compression=rle
	.bss: load addr=00000af8, load size=00000008 bytes, run addr=20000214, run size=00000008 bytes, compression=zero_init


LINKER GENERATED HANDLER TABLE

__TI_handler_table @ 00000ae8 records: 3, size/record: 4, table size: 12
	index: 0, handler: __TI_decompress_rle24
	index: 1, handler: __TI_decompress_none
	index: 2, handler: __TI_zero_init


GLOBAL SYMBOLS: SORTED ALPHABETICALLY BY Name 

address    name
--------   ----
000008fd   C$$EXIT
00000ad0   CP_LED
00000975   GPIODirModeSet
000003b5   GPIOPadConfigSet
000009e5   GPIOPinTypeGPIOInput
0000099f   GPIOPinTypeGPIOOutput
00000a23   GPIOPinWrite
00000aa0   LED
00000a17   ResetISR
UNDEFED    SHT$$INIT_ARRAY$$Base
UNDEFED    SHT$$INIT_ARRAY$$Limit
000004e5   SysCtlClockGet
000005f1   SysCtlClockSet
00000a29   SysCtlDelay
00000941   SysCtlPeripheralEnable
20000200   __STACK_END
00000200   __STACK_SIZE
20000200   __STACK_TOP
00000b00   __TI_CINIT_Base
00000b10   __TI_CINIT_Limit
00000ae8   __TI_Handler_Table_Base
00000af4   __TI_Handler_Table_Limit
00000001   __TI_args_main
0000077d   __TI_auto_init
20000208   __TI_cleanup_ptr
00000a09   __TI_decompress_none
00000a2f   __TI_decompress_rle24
2000020c   __TI_dtors_ptr
00000000   __TI_static_base__
000009f7   __TI_zero_init
000006e1   __aeabi_memcpy
000006e1   __aeabi_memcpy4
000006e1   __aeabi_memcpy8
ffffffff   __binit__
ffffffff   __c_args__
20000000   __stack
000009b9   _args_main
00000871   _c_int00
20000200   _lock
000009df   _nop
000009d7   _register_lock
000009d1   _register_unlock
20000204   _unlock
00000901   abort
ffffffff   binit
000008b9   copy_in
00000909   exit
00000000   g_pfnVectors
20000214   k
000002db   ledOn
0000026d   main
20000210   main_func_sp
000006e1   memcpy
0000032f   setIO
20000218   temp


GLOBAL SYMBOLS: SORTED BY Symbol Address 

address    name
--------   ----
00000000   __TI_static_base__
00000000   g_pfnVectors
00000001   __TI_args_main
00000200   __STACK_SIZE
0000026d   main
000002db   ledOn
0000032f   setIO
000003b5   GPIOPadConfigSet
000004e5   SysCtlClockGet
000005f1   SysCtlClockSet
000006e1   __aeabi_memcpy
000006e1   __aeabi_memcpy4
000006e1   __aeabi_memcpy8
000006e1   memcpy
0000077d   __TI_auto_init
00000871   _c_int00
000008b9   copy_in
000008fd   C$$EXIT
00000901   abort
00000909   exit
00000941   SysCtlPeripheralEnable
00000975   GPIODirModeSet
0000099f   GPIOPinTypeGPIOOutput
000009b9   _args_main
000009d1   _register_unlock
000009d7   _register_lock
000009df   _nop
000009e5   GPIOPinTypeGPIOInput
000009f7   __TI_zero_init
00000a09   __TI_decompress_none
00000a17   ResetISR
00000a23   GPIOPinWrite
00000a29   SysCtlDelay
00000a2f   __TI_decompress_rle24
00000aa0   LED
00000ad0   CP_LED
00000ae8   __TI_Handler_Table_Base
00000af4   __TI_Handler_Table_Limit
00000b00   __TI_CINIT_Base
00000b10   __TI_CINIT_Limit
20000000   __stack
20000200   __STACK_END
20000200   __STACK_TOP
20000200   _lock
20000204   _unlock
20000208   __TI_cleanup_ptr
2000020c   __TI_dtors_ptr
20000210   main_func_sp
20000214   k
20000218   temp
ffffffff   __binit__
ffffffff   __c_args__
ffffffff   binit
UNDEFED    SHT$$INIT_ARRAY$$Base
UNDEFED    SHT$$INIT_ARRAY$$Limit

[55 symbols]
