******************************************************************************
                  TI ARM Linker PC v16.9.0                     
******************************************************************************
>> Linked Wed Jun 14 10:58:19 2017

OUTPUT FILE NAME:   <05_LED_BLINKING_TIMER.out>
ENTRY POINT SYMBOL: "_c_int00"  address: 000006ed


MEMORY CONFIGURATION

         name            origin    length      used     unused   attr    fill
----------------------  --------  ---------  --------  --------  ----  --------
  FLASH                 00000000   00040000  000008fc  0003f704  R  X
  SRAM                  20000000   00008000  00000218  00007de8  RW X


SEGMENT ALLOCATION MAP

run origin  load origin   length   init length attrs members
----------  ----------- ---------- ----------- ----- -------
00000000    00000000    000008fc   000008fc    r-x
  00000000    00000000    0000026c   0000026c    r-- .intvecs
  0000026c    0000026c    0000066c   0000066c    r-x .text
  000008d8    000008d8    00000024   00000024    r-- .cinit
20000000    20000000    00000218   00000000    rw-
  20000000    20000000    00000200   00000000    rw- .stack
  20000200    20000200    00000018   00000000    rw- .data


SECTION ALLOCATION MAP

 output                                  attributes/
section   page    origin      length       input sections
--------  ----  ----------  ----------   ----------------
.intvecs   0    00000000    0000026c     
                  00000000    0000026c     tm4c123gh6pm_startup_ccs.obj (.intvecs)

.text      0    0000026c    0000066c     
                  0000026c    00000132     driverlib.lib : gpio.obj (.text:GPIOPadConfigSet)
                  0000039e    00000002     rtsv7M4_T_le_v4SPD16_eabi.lib : mpu_init.obj (.text)
                  000003a0    000000f4     driverlib.lib : sysctl.obj (.text:SysCtlClockSet)
                  00000494    0000009c     rtsv7M4_T_le_v4SPD16_eabi.lib : memcpy_t2.obj (.text)
                  00000530    00000084     main.obj (.text)
                  000005b4    00000070     rtsv7M4_T_le_v4SPD16_eabi.lib : autoinit.obj (.text)
                  00000624    00000068                                   : copy_decompress_lzss.obj (.text:decompress:lzss)
                  0000068c    00000060     driverlib.lib : timer.obj (.text:TimerConfigure)
                  000006ec    00000054     rtsv7M4_T_le_v4SPD16_eabi.lib : boot.obj (.text)
                  00000740    00000054                                   : exit.obj (.text)
                  00000794    0000004c                                   : cpy_tbl.obj (.text)
                  000007e0    00000034     driverlib.lib : sysctl.obj (.text:SysCtlPeripheralEnable)
                  00000814    0000002a                   : gpio.obj (.text:GPIODirModeSet)
                  0000083e    00000018                   : gpio.obj (.text:GPIOPinTypeGPIOOutput)
                  00000856    00000002     rtsv7M4_T_le_v4SPD16_eabi.lib : startup.obj (.text)
                  00000858    00000018                                   : args_main.obj (.text)
                  00000870    00000014                                   : _lock.obj (.text)
                  00000884    00000012     driverlib.lib : timer.obj (.text:TimerLoadSet)
                  00000896    0000000e                   : timer.obj (.text:TimerEnable)
                  000008a4    0000000e     rtsv7M4_T_le_v4SPD16_eabi.lib : copy_decompress_none.obj (.text:decompress:none)
                  000008b2    0000000c     tm4c123gh6pm_startup_ccs.obj (.text)
                  000008be    0000000a     driverlib.lib : timer.obj (.text:TimerValueGet)
                  000008c8    00000006                   : gpio.obj (.text:GPIOPinWrite)
                  000008ce    00000006                   : sysctl.obj (.text:SysCtlDelay)
                  000008d4    00000004     rtsv7M4_T_le_v4SPD16_eabi.lib : pre_init.obj (.text)

.cinit     0    000008d8    00000024     
                  000008d8    00000011     (.cinit..data.load) [load image, compression = lzss]
                  000008e9    00000003     --HOLE-- [fill = 0]
                  000008ec    00000008     (__TI_handler_table)
                  000008f4    00000008     (__TI_cinit_table)

.init_array 
*          0    00000000    00000000     UNINITIALIZED

.stack     0    20000000    00000200     UNINITIALIZED
                  20000000    00000200     --HOLE--

.data      0    20000200    00000018     UNINITIALIZED
                  20000200    0000000c     rtsv7M4_T_le_v4SPD16_eabi.lib : exit.obj (.data:$O1$$)
                  2000020c    00000008                                   : _lock.obj (.data:$O1$$)
                  20000214    00000004                                   : stkdepth_vars.obj (.data)

MODULE SUMMARY

       Module                         code   ro data   rw data
       ------                         ----   -------   -------
    .\
       tm4c123gh6pm_startup_ccs.obj   12     620       0      
       main.obj                       132    0         0      
    +--+------------------------------+------+---------+---------+
       Total:                         144    620       0      
                                                              
    C:/ti/TivaWare_C_Series-2.1.4.178/driverlib/ccs/Debug/driverlib.lib
       gpio.obj                       378    0         0      
       sysctl.obj                     302    0         0      
       timer.obj                      138    0         0      
    +--+------------------------------+------+---------+---------+
       Total:                         818    0         0      
                                                              
    C:\ti\ccsv7\tools\compiler\ti-cgt-arm_16.9.0.LTS\lib\rtsv7M4_T_le_v4SPD16_eabi.lib
       memcpy_t2.obj                  156    0         0      
       autoinit.obj                   112    0         0      
       copy_decompress_lzss.obj       104    0         0      
       exit.obj                       84     0         12     
       boot.obj                       84     0         0      
       cpy_tbl.obj                    76     0         0      
       _lock.obj                      20     0         8      
       args_main.obj                  24     0         0      
       copy_decompress_none.obj       14     0         0      
       pre_init.obj                   4      0         0      
       stkdepth_vars.obj              0      0         4      
       mpu_init.obj                   2      0         0      
       startup.obj                    2      0         0      
    +--+------------------------------+------+---------+---------+
       Total:                         682    0         24     
                                                              
       Stack:                         0      0         512    
       Linker Generated:              0      33        0      
    +--+------------------------------+------+---------+---------+
       Grand Total:                   1644   653       536    


LINKER GENERATED COPY TABLES

__TI_cinit_table @ 000008f4 records: 1, size/record: 8, table size: 8
	.data: load addr=000008d8, load size=00000011 bytes, run addr=20000200, run size=00000018 bytes, compression=lzss


LINKER GENERATED HANDLER TABLE

__TI_handler_table @ 000008ec records: 2, size/record: 4, table size: 8
	index: 0, handler: __TI_decompress_lzss
	index: 1, handler: __TI_decompress_none


GLOBAL SYMBOLS: SORTED ALPHABETICALLY BY Name 

address   name                           
-------   ----                           
00000741  C$$EXIT                        
00000815  GPIODirModeSet                 
0000026d  GPIOPadConfigSet               
0000083f  GPIOPinTypeGPIOOutput          
000008c9  GPIOPinWrite                   
000008b3  ResetISR                       
UNDEFED   SHT$$INIT_ARRAY$$Base          
UNDEFED   SHT$$INIT_ARRAY$$Limit         
000003a1  SysCtlClockSet                 
000008cf  SysCtlDelay                    
000007e1  SysCtlPeripheralEnable         
0000068d  TimerConfigure                 
00000897  TimerEnable                    
00000885  TimerLoadSet                   
000008bf  TimerValueGet                  
20000200  __STACK_END                    
00000200  __STACK_SIZE                   
20000200  __STACK_TOP                    
000008f4  __TI_CINIT_Base                
000008fc  __TI_CINIT_Limit               
000008ec  __TI_Handler_Table_Base        
000008f4  __TI_Handler_Table_Limit       
000005b5  __TI_auto_init                 
20000200  __TI_cleanup_ptr               
00000625  __TI_decompress_lzss           
000008a5  __TI_decompress_none           
20000204  __TI_dtors_ptr                 
20000208  __TI_enable_exit_profile_output
ffffffff  __TI_pprof_out_hndl            
ffffffff  __TI_prof_data_size            
ffffffff  __TI_prof_data_start           
00000000  __TI_static_base__             
00000495  __aeabi_memcpy                 
00000495  __aeabi_memcpy4                
00000495  __aeabi_memcpy8                
ffffffff  __binit__                      
ffffffff  __c_args__                     
0000039f  __mpu_init                     
20000000  __stack                        
00000859  _args_main                     
000006ed  _c_int00                       
2000020c  _lock                          
0000087f  _nop                           
00000877  _register_lock                 
00000871  _register_unlock               
00000857  _system_post_cinit             
000008d5  _system_pre_init               
20000210  _unlock                        
00000745  abort                          
ffffffff  binit                          
00000795  copy_in                        
0000074d  exit                           
00000000  g_pfnVectors                   
00000531  main                           
20000214  main_func_sp                   
00000495  memcpy                         


GLOBAL SYMBOLS: SORTED BY Symbol Address 

address   name                           
-------   ----                           
00000000  __TI_static_base__             
00000000  g_pfnVectors                   
00000200  __STACK_SIZE                   
0000026d  GPIOPadConfigSet               
0000039f  __mpu_init                     
000003a1  SysCtlClockSet                 
00000495  __aeabi_memcpy                 
00000495  __aeabi_memcpy4                
00000495  __aeabi_memcpy8                
00000495  memcpy                         
00000531  main                           
000005b5  __TI_auto_init                 
00000625  __TI_decompress_lzss           
0000068d  TimerConfigure                 
000006ed  _c_int00                       
00000741  C$$EXIT                        
00000745  abort                          
0000074d  exit                           
00000795  copy_in                        
000007e1  SysCtlPeripheralEnable         
00000815  GPIODirModeSet                 
0000083f  GPIOPinTypeGPIOOutput          
00000857  _system_post_cinit             
00000859  _args_main                     
00000871  _register_unlock               
00000877  _register_lock                 
0000087f  _nop                           
00000885  TimerLoadSet                   
00000897  TimerEnable                    
000008a5  __TI_decompress_none           
000008b3  ResetISR                       
000008bf  TimerValueGet                  
000008c9  GPIOPinWrite                   
000008cf  SysCtlDelay                    
000008d5  _system_pre_init               
000008ec  __TI_Handler_Table_Base        
000008f4  __TI_CINIT_Base                
000008f4  __TI_Handler_Table_Limit       
000008fc  __TI_CINIT_Limit               
20000000  __stack                        
20000200  __STACK_END                    
20000200  __STACK_TOP                    
20000200  __TI_cleanup_ptr               
20000204  __TI_dtors_ptr                 
20000208  __TI_enable_exit_profile_output
2000020c  _lock                          
20000210  _unlock                        
20000214  main_func_sp                   
ffffffff  __TI_pprof_out_hndl            
ffffffff  __TI_prof_data_size            
ffffffff  __TI_prof_data_start           
ffffffff  __binit__                      
ffffffff  __c_args__                     
ffffffff  binit                          
UNDEFED   SHT$$INIT_ARRAY$$Base          
UNDEFED   SHT$$INIT_ARRAY$$Limit         

[56 symbols]
